// Jest Snapshot v1, https://goo.gl/fbAQLP

exports[`<AppBar /> should render component 1`] = `<View />`;
