// Jest Snapshot v1, https://goo.gl/fbAQLP

exports[`<AppBackground /> should render component 1`] = `
<View
  style={
    {
      "backgroundColor": "#F9FAFA",
      "paddingBottom": 0,
      "paddingLeft": 12,
      "paddingRight": 12,
      "paddingTop": 0,
    }
  }
>
  <View
    style={
      {
        "backgroundColor": "#FFFFFF",
      }
    }
  />
</View>
`;
