// Jest Snapshot v1, https://goo.gl/fbAQLP

exports[`<App /> should render component 1`] = `
<RCTSafeAreaView
  style={
    {
      "backgroundColor": "#f9f9f9",
      "height": "100%",
    }
  }
>
  <View
    style={
      {
        "alignItems": "flex-start",
        "backgroundColor": "#222222",
        "display": "flex",
        "flex": 1,
        "maxHeight": 60,
        "paddingBottom": 8,
        "paddingLeft": 8,
        "paddingRight": 8,
        "paddingTop": 8,
      }
    }
  >
    <Image
      source={
        {
          "uri": "https://ensinio-public.s3.us-west-1.amazonaws.com/beta/beta/comment/images/1ec0599578533e22c2ec082cbcaa07b8.png",
        }
      }
      style={
        {
          "height": 40,
          "width": 40,
        }
      }
    />
  </View>
  <View
    style={
      {
        "flex": 1,
      }
    }
  >
    <View
      style={
        {
          "paddingBottom": 0,
          "paddingLeft": 16,
          "paddingRight": 16,
          "paddingTop": 0,
        }
      }
    >
      <View
        style={
          {
            "backgroundColor": "#FFFFFF",
          }
        }
      >
        <View
          style={
            {
              "paddingBottom": 16,
              "paddingLeft": 16,
              "paddingRight": 16,
              "paddingTop": 16,
            }
          }
        >
          <Text
            style={
              {
                "color": "#18224C",
                "fontSize": 15,
                "fontWeight": "500",
                "marginBottom": 48,
                "maxWidth": "70%",
              }
            }
          >
            Selecione os principais véiculos de informação que você deseja acompanhar
          </Text>
          <View
            style={
              {
                "borderBottomWidth": 1,
                "display": "flex",
                "flexDirection": "row",
                "paddingBottom": 4,
                "width": "100%",
              }
            }
          >
            <label
              htmlFor="search-news-input"
              style={
                {
                  "width": "100%",
                }
              }
            >
              <input
                name="search-news-input"
                placeholder="Pesquisar..."
                style={
                  {
                    "borderColor": "transparent",
                    "outlineColor": "transparent",
                    "width": "100%",
                  }
                }
                type="text"
              />
            </label>
            <svg
              fill="none"
              height="24"
              viewBox="0 0 24 24"
              width="24"
              xmlns="http://www.w3.org/2000/svg"
            >
              <path
                d="M21.4082 19.7546L16.9977 15.3441C18.0596 13.9306 18.6328 12.2099 18.6308 10.442C18.6308 5.92602 14.9568 2.25195 10.4408 2.25195C5.9249 2.25195 2.25084 5.92602 2.25084 10.442C2.25084 14.9579 5.9249 18.632 10.4408 18.632C12.2088 18.6339 13.9294 18.0607 15.343 16.9988L19.7535 21.4093C19.9768 21.6089 20.2679 21.7154 20.5673 21.707C20.8666 21.6986 21.1514 21.576 21.3631 21.3642C21.5749 21.1525 21.6975 20.8677 21.7059 20.5684C21.7143 20.2691 21.6078 19.9779 21.4082 19.7546ZM4.59084 10.442C4.59084 9.28493 4.93394 8.15389 5.57674 7.19187C6.21955 6.22984 7.13319 5.48003 8.20214 5.03726C9.27109 4.59449 10.4473 4.47864 11.5821 4.70436C12.7169 4.93008 13.7593 5.48724 14.5774 6.30538C15.3955 7.12351 15.9527 8.16588 16.1784 9.30067C16.4042 10.4355 16.2883 11.6117 15.8455 12.6806C15.4028 13.7496 14.653 14.6632 13.6909 15.306C12.7289 15.9489 11.5979 16.292 10.4408 16.292C8.88989 16.2901 7.403 15.6732 6.30632 14.5765C5.20963 13.4798 4.5927 11.9929 4.59084 10.442Z"
                fill="#454B66"
              />
            </svg>
          </View>
        </View>
        <View
          style={
            {
              "marginTop": 16,
            }
          }
        >
          <Text
            onPress={[Function]}
          >
            <View
              style={
                {
                  "alignItems": "center",
                  "borderBottomColor": "#DFE4EA",
                  "borderBottomWidth": 1,
                  "flexDirection": "row",
                  "width": "100%",
                }
              }
            >
              <View
                accessibilityRole="checkbox"
                accessibilityState={
                  {
                    "busy": undefined,
                    "checked": true,
                    "disabled": undefined,
                    "expanded": undefined,
                    "selected": undefined,
                  }
                }
                accessibilityValue={
                  {
                    "max": undefined,
                    "min": undefined,
                    "now": undefined,
                    "text": undefined,
                  }
                }
                accessible={true}
                collapsable={false}
                focusable={true}
                onBlur={[Function]}
                onClick={[Function]}
                onFocus={[Function]}
                onResponderGrant={[Function]}
                onResponderMove={[Function]}
                onResponderRelease={[Function]}
                onResponderTerminate={[Function]}
                onResponderTerminationRequest={[Function]}
                onStartShouldSetResponder={[Function]}
                style={
                  [
                    {
                      "borderColor": "#657786",
                      "borderRadius": 2,
                      "borderWidth": 2,
                      "height": 20,
                      "width": 20,
                    },
                    {
                      "height": 20,
                      "margin": 12,
                      "width": 20,
                    },
                    {
                      "backgroundColor": "#007AFF",
                      "borderColor": "#007AFF",
                    },
                    {
                      "backgroundColor": "#3762EA",
                      "borderColor": "#3762EA",
                    },
                    undefined,
                    undefined,
                  ]
                }
              >
                <Image
                  source={
                    {
                      "uri": "data:image/png;base64,iVBORw0KGgoAAAANSUhEUgAAAZAAAAGQCAYAAACAvzbMAAAACXBIWXMAFxGDABcRgwEFErJzAAAAGXRFWHRTb2Z0d2FyZQB3d3cuaW5rc2NhcGUub3Jnm+48GgAADY1JREFUeJzt3TuOrOtZhuGnFyKxnSMYgGWJKeBgyxFj2EhIZgxMAuQpIO0IOwXJ2hEQMAUSJEIExJDin4D12+vUq+vwvf93uq6wg9KjDvrWW9VVlQAAAAAAAAAAAAAAAAAAAAAAAAAAAAAAAAAAAAAAAAAAAAAAAAAAAAAAAAAAAAAAAAAAAAAAAAAAAAAAAAAAAAAAAAAAAAAAAAAAAAAAAAAAAAAAAAAAAAAAAAAAAAAAAAAAAAAAAADAso7j+P3eGwCYzHEcPz2O49+O4/jj3lsAmMT7ePz38f/+U0QAeNMn8ThEBIA3vRIPEQHgdW/EQ0QA+NyN8RARAH7nzniICAAPx0NEAHb2ZDxEBGBHjeIhIgA7aRwPEQHYQVE8RARgZcXxEBGAFV0UDxEBWMnF8RARgBV0ioeIAMysczxEBGBGg8TjNEVEXnoPAOjtOI6fJvl1kh/13vKB/0rys5eXl3/pPeQ1AgJsbdB4nIaOiIAA2xo8HqdhIyIgwJYmicdpyIgICLCdyeJxGi4iAgJsZdJ4nIaKiIAA25g8HqdhIiIgwBYWicdpiIgICLC8xeJx6h4RAQGWtmg8Tl0jIiDAshaPx6lbRAQEWNIm8Th1iYiAAMvZLB6nyyMiIMBSNo3H6dKICAiwjM3jcbosIgICLEE8PnJJRAQEmJ54fFF5RAQEmJp4fFVpRAQEmJZ43KQsIgICTEk87lISEQEBpiMeD2keEQEBpiIeT2kaEQEBpiEeTTSLiIAAUxCPpppE5F2jMQBljuP4Jsn3EY9W/iDJz599EBcIMDSXR4lfJvmzl5eX/33mQQQEGJZ4lGgSj0RAgEGJR4lm8UgEBBiQeJRoGo9EQIDBiEeJ5vFIBAQYiHiUKIlHIiDAIMSjRFk8EgEBBiAeJUrjkQgI0Jl4lCiPRyIgQEfiUeKSeCQCAnQiHiUui0ciIEAH4lHi0ngkAgJcTDxKXB6PRECAC4lHiS7xSAQEuIh4lOgWj0RAgAuIR4mu8UgEBCgmHiW6xyMREKCQeJQYIh6JgABFxKPEMPFIBAQoIB4lhopHIiBAY+JRYrh4JAICNCQeJYaMRyIgQCPiUWLYeCQCAjQgHiWGjkciIMCTxKPE8PFIBAR4gniUmCIeiYAADxKPEtPEIxEQ4AHiUWKqeCQCAtxJPEpMF49EQIA7iEeJKeORCAhwI/EoMW08EgEBbiAeJaaORyIgwBvEo8T08UgEBPgK8SixRDwSAQFeIR4llolHIiDAF4hHiaXikQgI8AnxKLFcPBIBAT4gHiWWjEciIMB74lFi2XgkAgJEPIosHY9EQGB74lFi+XgkAgJbE48SW8QjERDYlniU2CYeiYDAlsSjxFbxSAQEtiMeJbaLRyIgsBXxKLFlPBIBgW2IR4lt45EICGxBPEpsHY9EQGB54lFi+3gkAgJLE48S4vGegMCixKOEeHxAQGBB4lFCPD4hILAY8SghHl8gILAQ8SghHq8QEFiEeJQQj68QEFiAeJQQjzcICExOPEqIxw0EBCYmHiXE40YCApMSjxLicQcBgQmJRwnxuJOAwGTEo4R4PEBAYCLiUUI8HiQgMAnxKCEeTxAQmIB4lBCPJwkIDE48SohHAwICAxOPEuLRiIDAoMSjhHg0JCAwIPEoIR6NCQgMRjxKiEcBAYGBiEcJ8SgiIDAI8SghHoUEBAYgHiXEo5iAQGfiUUI8LiAg0JF4lBCPiwgIdCIeJcTjQgICHYhHCfG4mIDAxcSjhHh0ICBwIfEoIR6dCAhcRDxKiEdHAgIXEI8S4tGZgEAx8SghHgMQECgkHiXEYxACAkXEo4R4DERAoIB4lBCPwQgINCYeJcRjQAICDYlHCfEYlIBAI+JRQjwGJiDQgHiUEI/BCQg8STxKiMcEBASeIB4lxGMSAgIPEo8S4jERAYEHiEcJ8ZiMgMCdxKOEeExIQOAO4lFCPCYlIHAj8SghHhMTELiBeJQQj8kJCLxBPEqIxwIEBL5CPEqIxyLe9R5wheM43h3H8ZfHcfyw9xbmcRzHN0m+j3i09F2Sb8VjDcsH5DiOd0n+JslfJfn+OA5/DHjT+8vj75L8oPeWhfwyyV+8vLz8pvcQ2lj6KawP4vHnH/z4n5P86cvLy//0WcXoPG1VwtNWC1o2IK/E4yQifJF4lBCPRS0ZkDficRIRPiIeJcRjYcsF5MZ4nESEJOJRRDwWt1RA7ozHSUQ2Jx4lxGMDywTkwXicRGRT4lFCPDaxRECejMdJRDYjHiXEYyPTB6RRPE4isgnxKCEem5k6II3jcRKRxYlHCfHY0LQBKYrHSUQWJR4lxGNTUwakOB4nEVmMeJQQj41NF5CL4nESkUWIRwnx2NxUAbk4HicRmZx4lBAP5glIp3icRGRS4lFCPEgySUA6x+MkIpMRjxLiwW8NH5BB4nESkUmIRwnx4CNDB2SweJxEZHDiUUI8+MywARk0HicRGZR4lBAPvmjIgAwej5OIDEY8SogHrxouIJPE4yQigxCPEuLBVw0VkMnicRKRzsSjhHjwpmECMmk8TiLSiXiUEA9uMkRAJo/HSUQuJh4lxIObdQ/IIvE4ichFxKOEeHCXrgFZLB4nESkmHiXEg7t1C8ii8TiJSBHxKCEePKRLQBaPx0lEGhOPEuLBwy4PyCbxOIlII+JRQjx4yqUB2SweJxF5kniUEA+edllANo3HSUQeJB4lxIMmLgnI5vE4icidxKOEeNBMeUDE4yMiciPxKCEeNFUaEPH4IhF5g3iUEA+aKwuIeHyViLxCPEqIByVKAiIeNxGRT4hHCfGgTPOAiMddROQ98SghHpRqGhDxeMj2ERGPEuJBuWYBEY+nbBsR8SghHlyiSUDEo4ntIiIeJcSDyzwdEPFoapuIiEcJ8eBS7xo8xl9HPFr5kyR/fxzHD3sPqXQcxzdJvo94tPRdkm/Fgyu1uEB+nOQfk/zR83N4b9lLxOVRwuVBF61eAxGR9paLiHiUEA+6aflfWCLS3jIREY8S4kFXrd8HIiLtTR8R8SghHnRX8U50EWlv2oiIRwnxYAhVn4UlIu1NFxHxKCEeDKPy03hFpL1pIiIeJcSDoVR/H4iItDd8RMSjhHgwnCu+kVBE2hs2IuJRQjwY0lXfiS4i7Q0XEfEoIR4M65KAJCJSZJiIiEcJ8WBolwUkEZEi3SMiHiXEg+FdGpBERIp0i4h4lBAPpnB5QBIRKXJ5RMSjhHgwjS4BSUSkyGUREY8S4sFUugUkEZEi5RERjxLiwXS6BiQRkSJlERGPEuLBlLoHJBGRIs0jIh4lxINpDRGQRESKNIuIeJQQD6Y2TEASESnydETEo4R4ML2hApKISJGHIyIeJcSDJQwXkEREitwdEfEoIR4sY8iAJCJS5OaIiEcJ8WApwwYkEZEib0ZEPEqIB8sZOiCJiBR5NSLiUUI8WNLwAUlEpMhnERGPEuLBsqYISCIiRX4bEfEoIR4sbZqAJMlxHD9J8g9J/rD3loX8U5JfJPlVkh/0nbKU75L8/OXl5Te9h0CVqQKSuESYgsuDLUwXkEREGJp4sI0pA5KICEMSD7YybUASEWEo4sF2pg5IIiIMQTzY0vQBSUSErsSDbS0RkERE6EI82NoyAUlEhEuJB9tbKiCJiHAJ8YAsGJBERCglHvDekgFJRIQS4gEfWDYgiYjQlHjAJ5YOSCIiNCEe8AXLByQREZ4iHvCKLQKSiAgPEQ/4im0CkogIdxEPeMNWAUlEhJuIB9xgu4AkIsJXiQfcaMuAJCLCF4kH3GHbgCQiwkfEA+60dUASESGJeMBDtg9IIiKbEw94kIC8JyJbEg94goB8QES2Ih7wJAH5hIhsQTygAQH5AhFZmnhAIwLyChFZknhAQwLyFSKyFPGAxgTkDSKyBPGAAgJyAxGZmnhAEQG5kYhMSTygkIDcQUSmIh5QTEDuJCJTEA+4gIA8QESGJh5wEQF5kIgMSTzgQgLyBBEZinjAxQTkSSIyBPGADgSkARHpSjygEwFpRES6EA/oSEAaEpFLiQd0JiCNicglxAMGICAFRKSUeMAg3vUesKKXl5d/TfKzJP/Re8tivkvyrXjAGFwghVwiTbk8YDACUkxEmhAPGJCAXEBEniIeMCgBuYiIPEQ8YGACciERuYt4wOAE5GIichPxgAkISAci8lXiAZMQkE5E5IvEAyYiIB2JyEfEAyYjIJ2JSBLxgCkJyAA2j4h4wKQEZBCbRkQ8YGICMpDNIiIeMDkBGcwmEREPWICADGjxiIgHLEJABrVoRMQDFiIgA1ssIuIBixGQwS0SEfGABQnIBCaPiHjAogRkEpNGRDxgYQIykckiIh6wOAGZzCQREQ+AER3H8ePjOP79GNPfHsfxe71/RwC84hgzIuIBMINjrIiIB8BMjjEiIh4AM+ocEfEAmFmniIgHwAoujoh4AKzkooiIB8CKiiMiHgArK4qIeADsoHFExANgJ40iIh4AO3oyIuIBsLMHIyIeANwdEfEA4HdujIh4APC5NyIiHgC87pWIiAcAb/skIuIBwO2O4/jJcRy/OI7jXe8tAAAAAAAAAAAAAAAAAAAAAAAAAAAAAAAAAAAAAAAAAAAAAAAAAAAAAAAAAAAAAAAAAAAAAAAAAADA5/4PiZTk2kr08uAAAAAASUVORK5CYII=",
                    }
                  }
                  style={
                    {
                      "bottom": 0,
                      "left": 0,
                      "position": "absolute",
                      "right": 0,
                      "top": 0,
                    }
                  }
                />
              </View>
              <Text
                style={
                  {
                    "fontSize": 15,
                  }
                }
              >
                CNN Brasil
              </Text>
            </View>
          </Text>
          <Text
            onPress={[Function]}
          >
            <View
              style={
                {
                  "alignItems": "center",
                  "borderBottomColor": "#DFE4EA",
                  "borderBottomWidth": 1,
                  "flexDirection": "row",
                  "width": "100%",
                }
              }
            >
              <View
                accessibilityRole="checkbox"
                accessibilityState={
                  {
                    "busy": undefined,
                    "checked": true,
                    "disabled": undefined,
                    "expanded": undefined,
                    "selected": undefined,
                  }
                }
                accessibilityValue={
                  {
                    "max": undefined,
                    "min": undefined,
                    "now": undefined,
                    "text": undefined,
                  }
                }
                accessible={true}
                collapsable={false}
                focusable={true}
                onBlur={[Function]}
                onClick={[Function]}
                onFocus={[Function]}
                onResponderGrant={[Function]}
                onResponderMove={[Function]}
                onResponderRelease={[Function]}
                onResponderTerminate={[Function]}
                onResponderTerminationRequest={[Function]}
                onStartShouldSetResponder={[Function]}
                style={
                  [
                    {
                      "borderColor": "#657786",
                      "borderRadius": 2,
                      "borderWidth": 2,
                      "height": 20,
                      "width": 20,
                    },
                    {
                      "height": 20,
                      "margin": 12,
                      "width": 20,
                    },
                    {
                      "backgroundColor": "#007AFF",
                      "borderColor": "#007AFF",
                    },
                    {
                      "backgroundColor": "#3762EA",
                      "borderColor": "#3762EA",
                    },
                    undefined,
                    undefined,
                  ]
                }
              >
                <Image
                  source={
                    {
                      "uri": "data:image/png;base64,iVBORw0KGgoAAAANSUhEUgAAAZAAAAGQCAYAAACAvzbMAAAACXBIWXMAFxGDABcRgwEFErJzAAAAGXRFWHRTb2Z0d2FyZQB3d3cuaW5rc2NhcGUub3Jnm+48GgAADY1JREFUeJzt3TuOrOtZhuGnFyKxnSMYgGWJKeBgyxFj2EhIZgxMAuQpIO0IOwXJ2hEQMAUSJEIExJDin4D12+vUq+vwvf93uq6wg9KjDvrWW9VVlQAAAAAAAAAAAAAAAAAAAAAAAAAAAAAAAAAAAAAAAAAAAAAAAAAAAAAAAAAAAAAAAAAAAAAAAAAAAAAAAAAAAAAAAAAAAAAAAAAAAAAAAAAAAAAAAAAAAAAAAAAAAAAAAAAAAAAAAADAso7j+P3eGwCYzHEcPz2O49+O4/jj3lsAmMT7ePz38f/+U0QAeNMn8ThEBIA3vRIPEQHgdW/EQ0QA+NyN8RARAH7nzniICAAPx0NEAHb2ZDxEBGBHjeIhIgA7aRwPEQHYQVE8RARgZcXxEBGAFV0UDxEBWMnF8RARgBV0ioeIAMysczxEBGBGg8TjNEVEXnoPAOjtOI6fJvl1kh/13vKB/0rys5eXl3/pPeQ1AgJsbdB4nIaOiIAA2xo8HqdhIyIgwJYmicdpyIgICLCdyeJxGi4iAgJsZdJ4nIaKiIAA25g8HqdhIiIgwBYWicdpiIgICLC8xeJx6h4RAQGWtmg8Tl0jIiDAshaPx6lbRAQEWNIm8Th1iYiAAMvZLB6nyyMiIMBSNo3H6dKICAiwjM3jcbosIgICLEE8PnJJRAQEmJ54fFF5RAQEmJp4fFVpRAQEmJZ43KQsIgICTEk87lISEQEBpiMeD2keEQEBpiIeT2kaEQEBpiEeTTSLiIAAUxCPpppE5F2jMQBljuP4Jsn3EY9W/iDJz599EBcIMDSXR4lfJvmzl5eX/33mQQQEGJZ4lGgSj0RAgEGJR4lm8UgEBBiQeJRoGo9EQIDBiEeJ5vFIBAQYiHiUKIlHIiDAIMSjRFk8EgEBBiAeJUrjkQgI0Jl4lCiPRyIgQEfiUeKSeCQCAnQiHiUui0ciIEAH4lHi0ngkAgJcTDxKXB6PRECAC4lHiS7xSAQEuIh4lOgWj0RAgAuIR4mu8UgEBCgmHiW6xyMREKCQeJQYIh6JgABFxKPEMPFIBAQoIB4lhopHIiBAY+JRYrh4JAICNCQeJYaMRyIgQCPiUWLYeCQCAjQgHiWGjkciIMCTxKPE8PFIBAR4gniUmCIeiYAADxKPEtPEIxEQ4AHiUWKqeCQCAtxJPEpMF49EQIA7iEeJKeORCAhwI/EoMW08EgEBbiAeJaaORyIgwBvEo8T08UgEBPgK8SixRDwSAQFeIR4llolHIiDAF4hHiaXikQgI8AnxKLFcPBIBAT4gHiWWjEciIMB74lFi2XgkAgJEPIosHY9EQGB74lFi+XgkAgJbE48SW8QjERDYlniU2CYeiYDAlsSjxFbxSAQEtiMeJbaLRyIgsBXxKLFlPBIBgW2IR4lt45EICGxBPEpsHY9EQGB54lFi+3gkAgJLE48S4vGegMCixKOEeHxAQGBB4lFCPD4hILAY8SghHl8gILAQ8SghHq8QEFiEeJQQj68QEFiAeJQQjzcICExOPEqIxw0EBCYmHiXE40YCApMSjxLicQcBgQmJRwnxuJOAwGTEo4R4PEBAYCLiUUI8HiQgMAnxKCEeTxAQmIB4lBCPJwkIDE48SohHAwICAxOPEuLRiIDAoMSjhHg0JCAwIPEoIR6NCQgMRjxKiEcBAYGBiEcJ8SgiIDAI8SghHoUEBAYgHiXEo5iAQGfiUUI8LiAg0JF4lBCPiwgIdCIeJcTjQgICHYhHCfG4mIDAxcSjhHh0ICBwIfEoIR6dCAhcRDxKiEdHAgIXEI8S4tGZgEAx8SghHgMQECgkHiXEYxACAkXEo4R4DERAoIB4lBCPwQgINCYeJcRjQAICDYlHCfEYlIBAI+JRQjwGJiDQgHiUEI/BCQg8STxKiMcEBASeIB4lxGMSAgIPEo8S4jERAYEHiEcJ8ZiMgMCdxKOEeExIQOAO4lFCPCYlIHAj8SghHhMTELiBeJQQj8kJCLxBPEqIxwIEBL5CPEqIxyLe9R5wheM43h3H8ZfHcfyw9xbmcRzHN0m+j3i09F2Sb8VjDcsH5DiOd0n+JslfJfn+OA5/DHjT+8vj75L8oPeWhfwyyV+8vLz8pvcQ2lj6KawP4vHnH/z4n5P86cvLy//0WcXoPG1VwtNWC1o2IK/E4yQifJF4lBCPRS0ZkDficRIRPiIeJcRjYcsF5MZ4nESEJOJRRDwWt1RA7ozHSUQ2Jx4lxGMDywTkwXicRGRT4lFCPDaxRECejMdJRDYjHiXEYyPTB6RRPE4isgnxKCEem5k6II3jcRKRxYlHCfHY0LQBKYrHSUQWJR4lxGNTUwakOB4nEVmMeJQQj41NF5CL4nESkUWIRwnx2NxUAbk4HicRmZx4lBAP5glIp3icRGRS4lFCPEgySUA6x+MkIpMRjxLiwW8NH5BB4nESkUmIRwnx4CNDB2SweJxEZHDiUUI8+MywARk0HicRGZR4lBAPvmjIgAwej5OIDEY8SogHrxouIJPE4yQigxCPEuLBVw0VkMnicRKRzsSjhHjwpmECMmk8TiLSiXiUEA9uMkRAJo/HSUQuJh4lxIObdQ/IIvE4ichFxKOEeHCXrgFZLB4nESkmHiXEg7t1C8ii8TiJSBHxKCEePKRLQBaPx0lEGhOPEuLBwy4PyCbxOIlII+JRQjx4yqUB2SweJxF5kniUEA+edllANo3HSUQeJB4lxIMmLgnI5vE4icidxKOEeNBMeUDE4yMiciPxKCEeNFUaEPH4IhF5g3iUEA+aKwuIeHyViLxCPEqIByVKAiIeNxGRT4hHCfGgTPOAiMddROQ98SghHpRqGhDxeMj2ERGPEuJBuWYBEY+nbBsR8SghHlyiSUDEo4ntIiIeJcSDyzwdEPFoapuIiEcJ8eBS7xo8xl9HPFr5kyR/fxzHD3sPqXQcxzdJvo94tPRdkm/Fgyu1uEB+nOQfk/zR83N4b9lLxOVRwuVBF61eAxGR9paLiHiUEA+6aflfWCLS3jIREY8S4kFXrd8HIiLtTR8R8SghHnRX8U50EWlv2oiIRwnxYAhVn4UlIu1NFxHxKCEeDKPy03hFpL1pIiIeJcSDoVR/H4iItDd8RMSjhHgwnCu+kVBE2hs2IuJRQjwY0lXfiS4i7Q0XEfEoIR4M65KAJCJSZJiIiEcJ8WBolwUkEZEi3SMiHiXEg+FdGpBERIp0i4h4lBAPpnB5QBIRKXJ5RMSjhHgwjS4BSUSkyGUREY8S4sFUugUkEZEi5RERjxLiwXS6BiQRkSJlERGPEuLBlLoHJBGRIs0jIh4lxINpDRGQRESKNIuIeJQQD6Y2TEASESnydETEo4R4ML2hApKISJGHIyIeJcSDJQwXkEREitwdEfEoIR4sY8iAJCJS5OaIiEcJ8WApwwYkEZEib0ZEPEqIB8sZOiCJiBR5NSLiUUI8WNLwAUlEpMhnERGPEuLBsqYISCIiRX4bEfEoIR4sbZqAJMlxHD9J8g9J/rD3loX8U5JfJPlVkh/0nbKU75L8/OXl5Te9h0CVqQKSuESYgsuDLUwXkEREGJp4sI0pA5KICEMSD7YybUASEWEo4sF2pg5IIiIMQTzY0vQBSUSErsSDbS0RkERE6EI82NoyAUlEhEuJB9tbKiCJiHAJ8YAsGJBERCglHvDekgFJRIQS4gEfWDYgiYjQlHjAJ5YOSCIiNCEe8AXLByQREZ4iHvCKLQKSiAgPEQ/4im0CkogIdxEPeMNWAUlEhJuIB9xgu4AkIsJXiQfcaMuAJCLCF4kH3GHbgCQiwkfEA+60dUASESGJeMBDtg9IIiKbEw94kIC8JyJbEg94goB8QES2Ih7wJAH5hIhsQTygAQH5AhFZmnhAIwLyChFZknhAQwLyFSKyFPGAxgTkDSKyBPGAAgJyAxGZmnhAEQG5kYhMSTygkIDcQUSmIh5QTEDuJCJTEA+4gIA8QESGJh5wEQF5kIgMSTzgQgLyBBEZinjAxQTkSSIyBPGADgSkARHpSjygEwFpRES6EA/oSEAaEpFLiQd0JiCNicglxAMGICAFRKSUeMAg3vUesKKXl5d/TfKzJP/Re8tivkvyrXjAGFwghVwiTbk8YDACUkxEmhAPGJCAXEBEniIeMCgBuYiIPEQ8YGACciERuYt4wOAE5GIichPxgAkISAci8lXiAZMQkE5E5IvEAyYiIB2JyEfEAyYjIJ2JSBLxgCkJyAA2j4h4wKQEZBCbRkQ8YGICMpDNIiIeMDkBGcwmEREPWICADGjxiIgHLEJABrVoRMQDFiIgA1ssIuIBixGQwS0SEfGABQnIBCaPiHjAogRkEpNGRDxgYQIykckiIh6wOAGZzCQREQ+AER3H8ePjOP79GNPfHsfxe71/RwC84hgzIuIBMINjrIiIB8BMjjEiIh4AM+ocEfEAmFmniIgHwAoujoh4AKzkooiIB8CKiiMiHgArK4qIeADsoHFExANgJ40iIh4AO3oyIuIBsLMHIyIeANwdEfEA4HdujIh4APC5NyIiHgC87pWIiAcAb/skIuIBwO2O4/jJcRy/OI7jXe8tAAAAAAAAAAAAAAAAAAAAAAAAAAAAAAAAAAAAAAAAAAAAAAAAAAAAAAAAAAAAAAAAAAAAAAAAAADA5/4PiZTk2kr08uAAAAAASUVORK5CYII=",
                    }
                  }
                  style={
                    {
                      "bottom": 0,
                      "left": 0,
                      "position": "absolute",
                      "right": 0,
                      "top": 0,
                    }
                  }
                />
              </View>
              <Text
                style={
                  {
                    "fontSize": 15,
                  }
                }
              >
                Folha de São Paulo
              </Text>
            </View>
          </Text>
          <Text
            onPress={[Function]}
          >
            <View
              style={
                {
                  "alignItems": "center",
                  "borderBottomColor": "#DFE4EA",
                  "borderBottomWidth": 1,
                  "flexDirection": "row",
                  "width": "100%",
                }
              }
            >
              <View
                accessibilityRole="checkbox"
                accessibilityState={
                  {
                    "busy": undefined,
                    "checked": true,
                    "disabled": undefined,
                    "expanded": undefined,
                    "selected": undefined,
                  }
                }
                accessibilityValue={
                  {
                    "max": undefined,
                    "min": undefined,
                    "now": undefined,
                    "text": undefined,
                  }
                }
                accessible={true}
                collapsable={false}
                focusable={true}
                onBlur={[Function]}
                onClick={[Function]}
                onFocus={[Function]}
                onResponderGrant={[Function]}
                onResponderMove={[Function]}
                onResponderRelease={[Function]}
                onResponderTerminate={[Function]}
                onResponderTerminationRequest={[Function]}
                onStartShouldSetResponder={[Function]}
                style={
                  [
                    {
                      "borderColor": "#657786",
                      "borderRadius": 2,
                      "borderWidth": 2,
                      "height": 20,
                      "width": 20,
                    },
                    {
                      "height": 20,
                      "margin": 12,
                      "width": 20,
                    },
                    {
                      "backgroundColor": "#007AFF",
                      "borderColor": "#007AFF",
                    },
                    {
                      "backgroundColor": "#3762EA",
                      "borderColor": "#3762EA",
                    },
                    undefined,
                    undefined,
                  ]
                }
              >
                <Image
                  source={
                    {
                      "uri": "data:image/png;base64,iVBORw0KGgoAAAANSUhEUgAAAZAAAAGQCAYAAACAvzbMAAAACXBIWXMAFxGDABcRgwEFErJzAAAAGXRFWHRTb2Z0d2FyZQB3d3cuaW5rc2NhcGUub3Jnm+48GgAADY1JREFUeJzt3TuOrOtZhuGnFyKxnSMYgGWJKeBgyxFj2EhIZgxMAuQpIO0IOwXJ2hEQMAUSJEIExJDin4D12+vUq+vwvf93uq6wg9KjDvrWW9VVlQAAAAAAAAAAAAAAAAAAAAAAAAAAAAAAAAAAAAAAAAAAAAAAAAAAAAAAAAAAAAAAAAAAAAAAAAAAAAAAAAAAAAAAAAAAAAAAAAAAAAAAAAAAAAAAAAAAAAAAAAAAAAAAAAAAAAAAAADAso7j+P3eGwCYzHEcPz2O49+O4/jj3lsAmMT7ePz38f/+U0QAeNMn8ThEBIA3vRIPEQHgdW/EQ0QA+NyN8RARAH7nzniICAAPx0NEAHb2ZDxEBGBHjeIhIgA7aRwPEQHYQVE8RARgZcXxEBGAFV0UDxEBWMnF8RARgBV0ioeIAMysczxEBGBGg8TjNEVEXnoPAOjtOI6fJvl1kh/13vKB/0rys5eXl3/pPeQ1AgJsbdB4nIaOiIAA2xo8HqdhIyIgwJYmicdpyIgICLCdyeJxGi4iAgJsZdJ4nIaKiIAA25g8HqdhIiIgwBYWicdpiIgICLC8xeJx6h4RAQGWtmg8Tl0jIiDAshaPx6lbRAQEWNIm8Th1iYiAAMvZLB6nyyMiIMBSNo3H6dKICAiwjM3jcbosIgICLEE8PnJJRAQEmJ54fFF5RAQEmJp4fFVpRAQEmJZ43KQsIgICTEk87lISEQEBpiMeD2keEQEBpiIeT2kaEQEBpiEeTTSLiIAAUxCPpppE5F2jMQBljuP4Jsn3EY9W/iDJz599EBcIMDSXR4lfJvmzl5eX/33mQQQEGJZ4lGgSj0RAgEGJR4lm8UgEBBiQeJRoGo9EQIDBiEeJ5vFIBAQYiHiUKIlHIiDAIMSjRFk8EgEBBiAeJUrjkQgI0Jl4lCiPRyIgQEfiUeKSeCQCAnQiHiUui0ciIEAH4lHi0ngkAgJcTDxKXB6PRECAC4lHiS7xSAQEuIh4lOgWj0RAgAuIR4mu8UgEBCgmHiW6xyMREKCQeJQYIh6JgABFxKPEMPFIBAQoIB4lhopHIiBAY+JRYrh4JAICNCQeJYaMRyIgQCPiUWLYeCQCAjQgHiWGjkciIMCTxKPE8PFIBAR4gniUmCIeiYAADxKPEtPEIxEQ4AHiUWKqeCQCAtxJPEpMF49EQIA7iEeJKeORCAhwI/EoMW08EgEBbiAeJaaORyIgwBvEo8T08UgEBPgK8SixRDwSAQFeIR4llolHIiDAF4hHiaXikQgI8AnxKLFcPBIBAT4gHiWWjEciIMB74lFi2XgkAgJEPIosHY9EQGB74lFi+XgkAgJbE48SW8QjERDYlniU2CYeiYDAlsSjxFbxSAQEtiMeJbaLRyIgsBXxKLFlPBIBgW2IR4lt45EICGxBPEpsHY9EQGB54lFi+3gkAgJLE48S4vGegMCixKOEeHxAQGBB4lFCPD4hILAY8SghHl8gILAQ8SghHq8QEFiEeJQQj68QEFiAeJQQjzcICExOPEqIxw0EBCYmHiXE40YCApMSjxLicQcBgQmJRwnxuJOAwGTEo4R4PEBAYCLiUUI8HiQgMAnxKCEeTxAQmIB4lBCPJwkIDE48SohHAwICAxOPEuLRiIDAoMSjhHg0JCAwIPEoIR6NCQgMRjxKiEcBAYGBiEcJ8SgiIDAI8SghHoUEBAYgHiXEo5iAQGfiUUI8LiAg0JF4lBCPiwgIdCIeJcTjQgICHYhHCfG4mIDAxcSjhHh0ICBwIfEoIR6dCAhcRDxKiEdHAgIXEI8S4tGZgEAx8SghHgMQECgkHiXEYxACAkXEo4R4DERAoIB4lBCPwQgINCYeJcRjQAICDYlHCfEYlIBAI+JRQjwGJiDQgHiUEI/BCQg8STxKiMcEBASeIB4lxGMSAgIPEo8S4jERAYEHiEcJ8ZiMgMCdxKOEeExIQOAO4lFCPCYlIHAj8SghHhMTELiBeJQQj8kJCLxBPEqIxwIEBL5CPEqIxyLe9R5wheM43h3H8ZfHcfyw9xbmcRzHN0m+j3i09F2Sb8VjDcsH5DiOd0n+JslfJfn+OA5/DHjT+8vj75L8oPeWhfwyyV+8vLz8pvcQ2lj6KawP4vHnH/z4n5P86cvLy//0WcXoPG1VwtNWC1o2IK/E4yQifJF4lBCPRS0ZkDficRIRPiIeJcRjYcsF5MZ4nESEJOJRRDwWt1RA7ozHSUQ2Jx4lxGMDywTkwXicRGRT4lFCPDaxRECejMdJRDYjHiXEYyPTB6RRPE4isgnxKCEem5k6II3jcRKRxYlHCfHY0LQBKYrHSUQWJR4lxGNTUwakOB4nEVmMeJQQj41NF5CL4nESkUWIRwnx2NxUAbk4HicRmZx4lBAP5glIp3icRGRS4lFCPEgySUA6x+MkIpMRjxLiwW8NH5BB4nESkUmIRwnx4CNDB2SweJxEZHDiUUI8+MywARk0HicRGZR4lBAPvmjIgAwej5OIDEY8SogHrxouIJPE4yQigxCPEuLBVw0VkMnicRKRzsSjhHjwpmECMmk8TiLSiXiUEA9uMkRAJo/HSUQuJh4lxIObdQ/IIvE4ichFxKOEeHCXrgFZLB4nESkmHiXEg7t1C8ii8TiJSBHxKCEePKRLQBaPx0lEGhOPEuLBwy4PyCbxOIlII+JRQjx4yqUB2SweJxF5kniUEA+edllANo3HSUQeJB4lxIMmLgnI5vE4icidxKOEeNBMeUDE4yMiciPxKCEeNFUaEPH4IhF5g3iUEA+aKwuIeHyViLxCPEqIByVKAiIeNxGRT4hHCfGgTPOAiMddROQ98SghHpRqGhDxeMj2ERGPEuJBuWYBEY+nbBsR8SghHlyiSUDEo4ntIiIeJcSDyzwdEPFoapuIiEcJ8eBS7xo8xl9HPFr5kyR/fxzHD3sPqXQcxzdJvo94tPRdkm/Fgyu1uEB+nOQfk/zR83N4b9lLxOVRwuVBF61eAxGR9paLiHiUEA+6aflfWCLS3jIREY8S4kFXrd8HIiLtTR8R8SghHnRX8U50EWlv2oiIRwnxYAhVn4UlIu1NFxHxKCEeDKPy03hFpL1pIiIeJcSDoVR/H4iItDd8RMSjhHgwnCu+kVBE2hs2IuJRQjwY0lXfiS4i7Q0XEfEoIR4M65KAJCJSZJiIiEcJ8WBolwUkEZEi3SMiHiXEg+FdGpBERIp0i4h4lBAPpnB5QBIRKXJ5RMSjhHgwjS4BSUSkyGUREY8S4sFUugUkEZEi5RERjxLiwXS6BiQRkSJlERGPEuLBlLoHJBGRIs0jIh4lxINpDRGQRESKNIuIeJQQD6Y2TEASESnydETEo4R4ML2hApKISJGHIyIeJcSDJQwXkEREitwdEfEoIR4sY8iAJCJS5OaIiEcJ8WApwwYkEZEib0ZEPEqIB8sZOiCJiBR5NSLiUUI8WNLwAUlEpMhnERGPEuLBsqYISCIiRX4bEfEoIR4sbZqAJMlxHD9J8g9J/rD3loX8U5JfJPlVkh/0nbKU75L8/OXl5Te9h0CVqQKSuESYgsuDLUwXkEREGJp4sI0pA5KICEMSD7YybUASEWEo4sF2pg5IIiIMQTzY0vQBSUSErsSDbS0RkERE6EI82NoyAUlEhEuJB9tbKiCJiHAJ8YAsGJBERCglHvDekgFJRIQS4gEfWDYgiYjQlHjAJ5YOSCIiNCEe8AXLByQREZ4iHvCKLQKSiAgPEQ/4im0CkogIdxEPeMNWAUlEhJuIB9xgu4AkIsJXiQfcaMuAJCLCF4kH3GHbgCQiwkfEA+60dUASESGJeMBDtg9IIiKbEw94kIC8JyJbEg94goB8QES2Ih7wJAH5hIhsQTygAQH5AhFZmnhAIwLyChFZknhAQwLyFSKyFPGAxgTkDSKyBPGAAgJyAxGZmnhAEQG5kYhMSTygkIDcQUSmIh5QTEDuJCJTEA+4gIA8QESGJh5wEQF5kIgMSTzgQgLyBBEZinjAxQTkSSIyBPGADgSkARHpSjygEwFpRES6EA/oSEAaEpFLiQd0JiCNicglxAMGICAFRKSUeMAg3vUesKKXl5d/TfKzJP/Re8tivkvyrXjAGFwghVwiTbk8YDACUkxEmhAPGJCAXEBEniIeMCgBuYiIPEQ8YGACciERuYt4wOAE5GIichPxgAkISAci8lXiAZMQkE5E5IvEAyYiIB2JyEfEAyYjIJ2JSBLxgCkJyAA2j4h4wKQEZBCbRkQ8YGICMpDNIiIeMDkBGcwmEREPWICADGjxiIgHLEJABrVoRMQDFiIgA1ssIuIBixGQwS0SEfGABQnIBCaPiHjAogRkEpNGRDxgYQIykckiIh6wOAGZzCQREQ+AER3H8ePjOP79GNPfHsfxe71/RwC84hgzIuIBMINjrIiIB8BMjjEiIh4AM+ocEfEAmFmniIgHwAoujoh4AKzkooiIB8CKiiMiHgArK4qIeADsoHFExANgJ40iIh4AO3oyIuIBsLMHIyIeANwdEfEA4HdujIh4APC5NyIiHgC87pWIiAcAb/skIuIBwO2O4/jJcRy/OI7jXe8tAAAAAAAAAAAAAAAAAAAAAAAAAAAAAAAAAAAAAAAAAAAAAAAAAAAAAAAAAAAAAAAAAAAAAAAAAADA5/4PiZTk2kr08uAAAAAASUVORK5CYII=",
                    }
                  }
                  style={
                    {
                      "bottom": 0,
                      "left": 0,
                      "position": "absolute",
                      "right": 0,
                      "top": 0,
                    }
                  }
                />
              </View>
              <Text
                style={
                  {
                    "fontSize": 15,
                  }
                }
              >
                Estado de Minas
              </Text>
            </View>
          </Text>
        </View>
        <View
          style={
            {
              "marginTop": 16,
            }
          }
        >
          <Text
            style={
              {
                "color": "#18224C",
                "fontSize": 15,
                "fontWeight": "500",
                "marginBottom": 8,
              }
            }
          >
            Coloque em ordem crescente qual veiculo de noticia você prefere:
          </Text>
          <View
            style={
              {
                "display": "flex",
                "flexDirection": "row",
                "flexWrap": "wrap",
                "gap": 4,
              }
            }
          >
            <View
              accessibilityState={
                {
                  "busy": undefined,
                  "checked": undefined,
                  "disabled": undefined,
                  "expanded": undefined,
                  "selected": undefined,
                }
              }
              accessibilityValue={
                {
                  "max": undefined,
                  "min": undefined,
                  "now": undefined,
                  "text": undefined,
                }
              }
              accessible={true}
              collapsable={false}
              focusable={false}
              onClick={[Function]}
              onResponderGrant={[Function]}
              onResponderMove={[Function]}
              onResponderRelease={[Function]}
              onResponderTerminate={[Function]}
              onResponderTerminationRequest={[Function]}
              onStartShouldSetResponder={[Function]}
              style={
                {
                  "backgroundColor": "#DFE4EA",
                  "color": "#18224C",
                  "fontFamily": " -apple-system, BlinkMacSystemFont, Segoe UI, Roboto, Helvetica, Arial, sans-serif",
                  "fontSize": 13,
                  "fontWeight": "400",
                  "opacity": 1,
                  "padding": 16,
                }
              }
            >
              CNN Brasil
            </View>
            <View
              accessibilityState={
                {
                  "busy": undefined,
                  "checked": undefined,
                  "disabled": undefined,
                  "expanded": undefined,
                  "selected": undefined,
                }
              }
              accessibilityValue={
                {
                  "max": undefined,
                  "min": undefined,
                  "now": undefined,
                  "text": undefined,
                }
              }
              accessible={true}
              collapsable={false}
              focusable={false}
              onClick={[Function]}
              onResponderGrant={[Function]}
              onResponderMove={[Function]}
              onResponderRelease={[Function]}
              onResponderTerminate={[Function]}
              onResponderTerminationRequest={[Function]}
              onStartShouldSetResponder={[Function]}
              style={
                {
                  "backgroundColor": "#DFE4EA",
                  "color": "#18224C",
                  "fontFamily": " -apple-system, BlinkMacSystemFont, Segoe UI, Roboto, Helvetica, Arial, sans-serif",
                  "fontSize": 13,
                  "fontWeight": "400",
                  "opacity": 1,
                  "padding": 16,
                }
              }
            >
              Folha de São Paulo
            </View>
            <View
              accessibilityState={
                {
                  "busy": undefined,
                  "checked": undefined,
                  "disabled": undefined,
                  "expanded": undefined,
                  "selected": undefined,
                }
              }
              accessibilityValue={
                {
                  "max": undefined,
                  "min": undefined,
                  "now": undefined,
                  "text": undefined,
                }
              }
              accessible={true}
              collapsable={false}
              focusable={false}
              onClick={[Function]}
              onResponderGrant={[Function]}
              onResponderMove={[Function]}
              onResponderRelease={[Function]}
              onResponderTerminate={[Function]}
              onResponderTerminationRequest={[Function]}
              onStartShouldSetResponder={[Function]}
              style={
                {
                  "backgroundColor": "#DFE4EA",
                  "color": "#18224C",
                  "fontFamily": " -apple-system, BlinkMacSystemFont, Segoe UI, Roboto, Helvetica, Arial, sans-serif",
                  "fontSize": 13,
                  "fontWeight": "400",
                  "opacity": 1,
                  "padding": 16,
                }
              }
            >
              Estado de Minas
            </View>
          </View>
        </View>
      </View>
    </View>
  </View>
  <View
    style={
      {
        "alignItems": "center",
        "backgroundColor": "#222222",
        "display": "flex",
        "flex": 1,
        "flexDirection": "row",
        "justifyContent": "space-around",
        "maxHeight": 50,
        "width": "100%",
      }
    }
  >
    <svg
      fill="none"
      height="24"
      viewBox="0 0 24 24"
      width="24"
      xmlns="http://www.w3.org/2000/svg"
    >
      <path
        d="M12.2613 4.74693C12.1916 4.68017 12.0987 4.64291 12.0021 4.64291C11.9055 4.64291 11.8127 4.68017 11.7429 4.74693L3.11322 12.9908C3.07657 13.0259 3.04741 13.068 3.02751 13.1147C3.00761 13.1613 2.99738 13.2115 2.99744 13.2622L2.99603 20.9994C2.99603 21.3973 3.15407 21.7788 3.43537 22.0601C3.71668 22.3414 4.09821 22.4994 4.49603 22.4994H9.00072C9.19963 22.4994 9.3904 22.4204 9.53105 22.2798C9.6717 22.1391 9.75072 21.9483 9.75072 21.7494V15.3744C9.75072 15.275 9.79023 15.1796 9.86056 15.1093C9.93088 15.0389 10.0263 14.9994 10.1257 14.9994H13.8757C13.9752 14.9994 14.0706 15.0389 14.1409 15.1093C14.2112 15.1796 14.2507 15.275 14.2507 15.3744V21.7494C14.2507 21.9483 14.3297 22.1391 14.4704 22.2798C14.611 22.4204 14.8018 22.4994 15.0007 22.4994H19.5035C19.9014 22.4994 20.2829 22.3414 20.5642 22.0601C20.8455 21.7788 21.0035 21.3973 21.0035 20.9994V13.2622C21.0036 13.2115 20.9934 13.1613 20.9735 13.1147C20.9536 13.068 20.9244 13.0259 20.8878 12.9908L12.2613 4.74693Z"
        fill="#CCCCCC"
      />
      <path
        d="M23.0112 11.4445L19.5049 8.09016V3C19.5049 2.80109 19.4259 2.61032 19.2853 2.46967C19.1446 2.32902 18.9538 2.25 18.7549 2.25H16.5049C16.306 2.25 16.1153 2.32902 15.9746 2.46967C15.834 2.61032 15.7549 2.80109 15.7549 3V4.5L13.0399 1.90406C12.7859 1.64719 12.4081 1.5 11.9998 1.5C11.5929 1.5 11.216 1.64719 10.962 1.90453L0.991649 11.4436C0.700086 11.7248 0.663524 12.1875 0.928836 12.4922C0.99546 12.5691 1.07704 12.6316 1.1686 12.676C1.26017 12.7204 1.3598 12.7457 1.46145 12.7503C1.5631 12.755 1.66462 12.7389 1.75986 12.7031C1.85509 12.6672 1.94203 12.6124 2.0154 12.5419L11.742 3.2475C11.8118 3.18074 11.9046 3.14348 12.0012 3.14348C12.0978 3.14348 12.1906 3.18074 12.2604 3.2475L21.9879 12.5419C22.1312 12.6793 22.3231 12.7543 22.5216 12.7504C22.7201 12.7466 22.909 12.6641 23.0468 12.5213C23.3346 12.2231 23.3107 11.7309 23.0112 11.4445Z"
        fill="#CCCCCC"
      />
    </svg>
    <svg
      fill="none"
      height="24"
      viewBox="0 0 24 24"
      width="24"
      xmlns="http://www.w3.org/2000/svg"
    >
      <path
        d="M21.4082 19.7546L16.9977 15.3441C18.0596 13.9306 18.6328 12.2099 18.6308 10.442C18.6308 5.92602 14.9568 2.25195 10.4408 2.25195C5.9249 2.25195 2.25084 5.92602 2.25084 10.442C2.25084 14.9579 5.9249 18.632 10.4408 18.632C12.2088 18.6339 13.9294 18.0607 15.343 16.9988L19.7535 21.4093C19.9768 21.6089 20.2679 21.7154 20.5673 21.707C20.8666 21.6986 21.1514 21.576 21.3631 21.3642C21.5749 21.1525 21.6975 20.8677 21.7059 20.5684C21.7143 20.2691 21.6078 19.9779 21.4082 19.7546ZM4.59084 10.442C4.59084 9.28493 4.93394 8.15389 5.57674 7.19187C6.21955 6.22984 7.13319 5.48003 8.20214 5.03726C9.27109 4.59449 10.4473 4.47864 11.5821 4.70436C12.7169 4.93008 13.7593 5.48724 14.5774 6.30538C15.3955 7.12351 15.9527 8.16588 16.1784 9.30067C16.4042 10.4355 16.2883 11.6117 15.8455 12.6806C15.4028 13.7496 14.653 14.6632 13.6909 15.306C12.7289 15.9489 11.5979 16.292 10.4408 16.292C8.88989 16.2901 7.403 15.6732 6.30632 14.5765C5.20963 13.4798 4.5927 11.9929 4.59084 10.442Z"
        fill="#CCCCCC"
      />
    </svg>
    <svg
      fill="none"
      height="24"
      viewBox="0 0 24 24"
      width="24"
      xmlns="http://www.w3.org/2000/svg"
    >
      <path
        d="M2.25036 12.0001C2.25036 17.3846 6.61583 21.7501 12.0004 21.7501C17.3849 21.7501 21.7504 17.3846 21.7504 12.0001C21.7504 6.61553 17.3849 2.25006 12.0004 2.25006C6.61583 2.25006 2.25036 6.61553 2.25036 12.0001ZM12.2183 7.71756C12.2883 7.78693 12.3439 7.8694 12.3819 7.96025C12.42 8.05111 12.4398 8.14857 12.4402 8.24708C12.4406 8.34558 12.4215 8.4432 12.3842 8.53436C12.3469 8.62551 12.2919 8.70842 12.2225 8.77834L9.77005 11.2501H16.0316C16.2305 11.2501 16.4213 11.3291 16.5619 11.4697C16.7026 11.6104 16.7816 11.8012 16.7816 12.0001C16.7816 12.199 16.7026 12.3897 16.5619 12.5304C16.4213 12.671 16.2305 12.7501 16.0316 12.7501H9.77005L12.2225 15.2218C12.2919 15.2918 12.3468 15.3747 12.3841 15.466C12.4215 15.5572 12.4404 15.6548 12.44 15.7534C12.4396 15.8519 12.4197 15.9494 12.3816 16.0403C12.3435 16.1312 12.2879 16.2137 12.2179 16.283C12.1479 16.3524 12.0649 16.4073 11.9737 16.4446C11.8825 16.4819 11.7848 16.5009 11.6863 16.5005C11.5877 16.5 11.4902 16.4802 11.3993 16.4421C11.3085 16.404 11.226 16.3483 11.1566 16.2783L7.4352 12.5283C7.2958 12.3879 7.21757 12.198 7.21757 12.0001C7.21757 11.8022 7.2958 11.6123 7.4352 11.4718L11.1566 7.72178C11.226 7.6517 11.3085 7.59599 11.3995 7.55785C11.4904 7.5197 11.588 7.49986 11.6866 7.49947C11.7852 7.49908 11.8829 7.51814 11.9742 7.55556C12.0654 7.59298 12.1484 7.64804 12.2183 7.71756Z"
        fill="#CCCCCC"
      />
    </svg>
  </View>
</RCTSafeAreaView>
`;
