// Jest Snapshot v1, https://goo.gl/fbAQLP

exports[`<BroadcastersList /> should render component 1`] = `
<View
  style={
    {
      "marginTop": 16,
    }
  }
>
  <Text
    onPress={[Function]}
  >
    <View
      style={
        {
          "alignItems": "center",
          "borderBottomColor": "#DFE4EA",
          "borderBottomWidth": 1,
          "flexDirection": "row",
          "width": "100%",
        }
      }
    >
      <View
        accessibilityRole="checkbox"
        accessibilityState={
          {
            "busy": undefined,
            "checked": false,
            "disabled": undefined,
            "expanded": undefined,
            "selected": undefined,
          }
        }
        accessibilityValue={
          {
            "max": undefined,
            "min": undefined,
            "now": undefined,
            "text": undefined,
          }
        }
        accessible={true}
        collapsable={false}
        focusable={true}
        onBlur={[Function]}
        onClick={[Function]}
        onFocus={[Function]}
        onResponderGrant={[Function]}
        onResponderMove={[Function]}
        onResponderRelease={[Function]}
        onResponderTerminate={[Function]}
        onResponderTerminationRequest={[Function]}
        onStartShouldSetResponder={[Function]}
        style={
          [
            {
              "borderColor": "#657786",
              "borderRadius": 2,
              "borderWidth": 2,
              "height": 20,
              "width": 20,
            },
            {
              "height": 20,
              "margin": 12,
              "width": 20,
            },
            false,
            {
              "backgroundColor": undefined,
              "borderColor": "#DFE4EA",
            },
            undefined,
            false,
          ]
        }
      />
      <Text
        style={
          {
            "fontSize": 15,
          }
        }
      >
        CNN Brasil
      </Text>
    </View>
  </Text>
  <Text
    onPress={[Function]}
  >
    <View
      style={
        {
          "alignItems": "center",
          "borderBottomColor": "#DFE4EA",
          "borderBottomWidth": 1,
          "flexDirection": "row",
          "width": "100%",
        }
      }
    >
      <View
        accessibilityRole="checkbox"
        accessibilityState={
          {
            "busy": undefined,
            "checked": false,
            "disabled": undefined,
            "expanded": undefined,
            "selected": undefined,
          }
        }
        accessibilityValue={
          {
            "max": undefined,
            "min": undefined,
            "now": undefined,
            "text": undefined,
          }
        }
        accessible={true}
        collapsable={false}
        focusable={true}
        onBlur={[Function]}
        onClick={[Function]}
        onFocus={[Function]}
        onResponderGrant={[Function]}
        onResponderMove={[Function]}
        onResponderRelease={[Function]}
        onResponderTerminate={[Function]}
        onResponderTerminationRequest={[Function]}
        onStartShouldSetResponder={[Function]}
        style={
          [
            {
              "borderColor": "#657786",
              "borderRadius": 2,
              "borderWidth": 2,
              "height": 20,
              "width": 20,
            },
            {
              "height": 20,
              "margin": 12,
              "width": 20,
            },
            false,
            {
              "backgroundColor": undefined,
              "borderColor": "#DFE4EA",
            },
            undefined,
            false,
          ]
        }
      />
      <Text
        style={
          {
            "fontSize": 15,
          }
        }
      >
        Folha de SÃ£o Paulo
      </Text>
    </View>
  </Text>
  <Text
    onPress={[Function]}
  >
    <View
      style={
        {
          "alignItems": "center",
          "borderBottomColor": "#DFE4EA",
          "borderBottomWidth": 1,
          "flexDirection": "row",
          "width": "100%",
        }
      }
    >
      <View
        accessibilityRole="checkbox"
        accessibilityState={
          {
            "busy": undefined,
            "checked": false,
            "disabled": undefined,
            "expanded": undefined,
            "selected": undefined,
          }
        }
        accessibilityValue={
          {
            "max": undefined,
            "min": undefined,
            "now": undefined,
            "text": undefined,
          }
        }
        accessible={true}
        collapsable={false}
        focusable={true}
        onBlur={[Function]}
        onClick={[Function]}
        onFocus={[Function]}
        onResponderGrant={[Function]}
        onResponderMove={[Function]}
        onResponderRelease={[Function]}
        onResponderTerminate={[Function]}
        onResponderTerminationRequest={[Function]}
        onStartShouldSetResponder={[Function]}
        style={
          [
            {
              "borderColor": "#657786",
              "borderRadius": 2,
              "borderWidth": 2,
              "height": 20,
              "width": 20,
            },
            {
              "height": 20,
              "margin": 12,
              "width": 20,
            },
            false,
            {
              "backgroundColor": undefined,
              "borderColor": "#DFE4EA",
            },
            undefined,
            false,
          ]
        }
      />
      <Text
        style={
          {
            "fontSize": 15,
          }
        }
      >
        Estado de Minas
      </Text>
    </View>
  </Text>
</View>
`;
